the manifest should match the snapshot when using default values:
  1: |
    apiVersion: rbac.authorization.k8s.io/v1
    kind: ClusterRole
    metadata:
      name: clickhouse-operator-posthog
    rules:
    - apiGroups:
      - ""
      resources:
      - configmaps
      - services
      verbs:
      - create
      - delete
      - get
      - patch
      - update
    - apiGroups:
      - ""
      resources:
      - events
      verbs:
      - create
    - apiGroups:
      - ""
      resources:
      - persistentvolumeclaims
      verbs:
      - delete
      - get
      - list
      - patch
      - update
      - watch
    - apiGroups:
      - ""
      resources:
      - persistentvolumes
      - pods
      verbs:
      - get
      - list
      - patch
      - update
      - watch
    - apiGroups:
      - apps
      resources:
      - statefulsets
      verbs:
      - create
      - delete
      - get
      - patch
      - update
    - apiGroups:
      - clickhouse.altinity.com
      resources:
      - clickhouseinstallations
      verbs:
      - delete
      - get
      - patch
      - update
    - apiGroups:
      - apps
      resourceNames:
      - clickhouse-operator
      resources:
      - deployments
      verbs:
      - get
      - patch
      - update
      - delete
    - apiGroups:
      - apps
      resources:
      - replicasets
      verbs:
      - delete
      - get
      - patch
      - update
    - apiGroups:
      - ""
      resources:
      - configmaps
      - endpoints
      - services
      verbs:
      - get
      - list
      - watch
    - apiGroups:
      - apps
      resources:
      - statefulsets
      verbs:
      - get
      - list
      - watch
    - apiGroups:
      - clickhouse.altinity.com
      resources:
      - clickhouseinstallations
      - clickhouseinstallationtemplates
      - clickhouseoperatorconfigurations
      verbs:
      - get
      - list
      - watch
    - apiGroups:
      - clickhouse.altinity.com
      resources:
      - clickhouseinstallations/finalizers
      - clickhouseinstallationtemplates/finalizers
      - clickhouseoperatorconfigurations/finalizers
      verbs:
      - update
  2: |
    apiVersion: rbac.authorization.k8s.io/v1
    kind: ClusterRoleBinding
    metadata:
      name: clickhouse-operator-posthog-cr
    roleRef:
      apiGroup: rbac.authorization.k8s.io
      kind: ClusterRole
      name: clickhouse-operator-posthog
    subjects:
    - kind: ServiceAccount
      name: clickhouse-operator
      namespace: NAMESPACE
