the "spec" path should match the snapshot when using default values:
  1: |
    rules:
    - http:
        paths:
        - backend:
            service:
              name: RELEASE-NAME-posthog-web
              port:
                number: 8000
          path: /
          pathType: Prefix
        - backend:
            service:
              name: RELEASE-NAME-posthog-events
              port:
                number: 8000
          path: /batch
          pathType: Prefix
        - backend:
            service:
              name: RELEASE-NAME-posthog-events
              port:
                number: 8000
          path: /capture
          pathType: Prefix
        - backend:
            service:
              name: RELEASE-NAME-posthog-events
              port:
                number: 8000
          path: /decide
          pathType: Prefix
        - backend:
            service:
              name: RELEASE-NAME-posthog-events
              port:
                number: 8000
          path: /e
          pathType: Prefix
        - backend:
            service:
              name: RELEASE-NAME-posthog-events
              port:
                number: 8000
          path: /track
          pathType: Prefix
        - backend:
            service:
              name: RELEASE-NAME-posthog-events
              port:
                number: 8000
          path: /s
          pathType: Prefix
